============================= test session starts ==============================
platform linux -- Python 3.13.12, pytest-9.0.3, pluggy-1.6.0 -- /home/viadmin/StudioProjects/hermes/docmancer/.venv/bin/python
cachedir: .pytest_cache
rootdir: /home/viadmin/StudioProjects/hermes/docmancer
configfile: pytest.ini
plugins: anyio-4.13.0, asyncio-1.4.0
asyncio: mode=Mode.AUTO, debug=False, asyncio_default_fixture_loop_scope=None, asyncio_default_test_loop_scope=function
collecting ... collected 29 items

tests/docs/test_bounded_contextual_relevance.py::test_without_rescue_no_qualified_traces PASSED [  3%]
tests/docs/test_bounded_contextual_relevance.py::test_base_case_rescued PASSED [  6%]
tests/docs/test_bounded_contextual_relevance.py::test_wrong_project_not_rescued PASSED [ 10%]
tests/docs/test_bounded_contextual_relevance.py::test_cache_survives_limit_without_scoring_new_text PASSED [ 13%]
tests/docs/test_bounded_contextual_relevance.py::test_stale_snapshot_not_rescued PASSED [ 17%]
tests/docs/test_bounded_contextual_relevance.py::test_unsynchronized_index_not_rescued PASSED [ 20%]
tests/docs/test_bounded_contextual_relevance.py::test_unsafe_evidence_not_rescued PASSED [ 24%]
tests/docs/test_bounded_contextual_relevance.py::test_forbidden_evidence_term_not_rescued PASSED [ 27%]
tests/docs/test_bounded_contextual_relevance.py::test_missing_exact_terms_not_rescued PASSED [ 31%]
tests/docs/test_bounded_contextual_relevance.py::test_missing_bound_subject_not_rescued PASSED [ 34%]
tests/docs/test_bounded_contextual_relevance.py::test_missing_local_demand_not_rescued PASSED [ 37%]
tests/docs/test_bounded_contextual_relevance.py::test_metadata_only_evidence_not_rescued PASSED [ 41%]
tests/docs/test_bounded_contextual_relevance.py::test_below_threshold_not_rescued PASSED [ 44%]
tests/docs/test_bounded_contextual_relevance.py::test_rescue_no_attributable_coverage PASSED [ 48%]
tests/docs/test_bounded_contextual_relevance.py::test_rescue_no_answer_supported_edit_ready PASSED [ 51%]
tests/docs/test_bounded_contextual_relevance.py::test_score_binding_records_text_hash PASSED [ 55%]
tests/docs/test_bounded_contextual_relevance.py::test_score_binding_changes_with_text PASSED [ 58%]
tests/docs/test_bounded_contextual_relevance.py::test_forged_score_in_probe_ignored PASSED [ 62%]
tests/docs/test_bounded_contextual_relevance.py::test_scorer_error_degraded_fallback PASSED [ 65%]
tests/docs/test_bounded_contextual_relevance.py::test_scorer_evaluation_limit PASSED [ 68%]
tests/docs/test_bounded_contextual_relevance.py::test_cached_score_no_reevaluation PASSED [ 72%]
tests/docs/test_bounded_contextual_relevance.py::test_short_evidence_not_rescued PASSED [ 75%]
tests/docs/test_m5_first_packet_green.py::test_lexical_baseline_mixed_ru_fails PASSED [ 79%]
tests/docs/test_m5_first_packet_green.py::test_lexical_rescue_mixed_ru_fails PASSED [ 82%]
tests/docs/test_m5_first_packet_green.py::test_dense_baseline_mixed_ru_fails PASSED [ 86%]
tests/docs/test_m5_first_packet_green.py::test_dense_rescue_mixed_ru_passes PASSED [ 89%]
tests/docs/test_m5_first_packet_green.py::test_dense_rescue_pure_ru_passes PASSED [ 93%]
tests/docs/test_m5_first_packet_green.py::test_dense_rescue_english_control_passes PASSED [ 96%]
tests/docs/test_m5_first_packet_green.py::test_dense_rescue_no_coverage PASSED [100%]

=============================== warnings summary ===============================
tests/docs/test_m5_first_packet_green.py::test_dense_baseline_mixed_ru_fails
tests/docs/test_m5_first_packet_green.py::test_dense_rescue_mixed_ru_passes
tests/docs/test_m5_first_packet_green.py::test_dense_rescue_pure_ru_passes
tests/docs/test_m5_first_packet_green.py::test_dense_rescue_english_control_passes
tests/docs/test_m5_first_packet_green.py::test_dense_rescue_no_coverage
  /home/viadmin/StudioProjects/hermes/docmancer/docmancer/embeddings/fastembed_provider.py:69: UserWarning: The model sentence-transformers/paraphrase-multilingual-mpnet-base-v2 now uses mean pooling instead of CLS embedding. In order to preserve the previous behaviour, consider either pinning fastembed version to 0.5.1 or using `add_custom_model` functionality.
    self._dense = TextEmbedding(model_name=self.model_name, cache_dir=cache_dir)

-- Docs: https://docs.pytest.org/en/stable/how-to/capture-warnings.html
======================= 29 passed, 5 warnings in 23.80s ========================
