Working directory: /tmp/m4-dense-jnuh44_o
Loaded 2 Typer documents
Dispatcher ready (mode=hybrid)

=== en ===
  query: 'How to declare only the negative name for a boolean option: is the space before / significant?'
  mode_used: hybrid/dense_lexical_degraded
  candidate_counts: {'lexical': 13, 'dense': 21, 'sparse': 0}
  total_chunks: 20
  gold_found: True
  gold_rank: 1
  dense_contributed: True
    hit: rank=1 lines=None-None contrib={'lexical': 1, 'dense': 1}

=== mixed_ru_en ===
  query: 'Как записать только отрицательное имя boolean option: важен ли пробел перед /?'
  mode_used: hybrid/dense_lexical_degraded
  candidate_counts: {'lexical': 13, 'dense': 21, 'sparse': 0}
  total_chunks: 20
  gold_found: True
  gold_rank: 3
  dense_contributed: True
    hit: rank=3 lines=None-None contrib={'lexical': 4, 'dense': 1}

=== pure_ru ===
  query: 'Как объявить только отрицательное имя для логической опции: важен ли пробел перед косой чертой?'
  mode_used: hybrid/dense_degraded
  candidate_counts: {'lexical': 0, 'dense': 21, 'sparse': 0}
  total_chunks: 20
  gold_found: True
  gold_rank: 1
  dense_contributed: True
    hit: rank=1 lines=None-None contrib={'dense': 1}

=== lexical comparison ===
  en (lexical): gold_found=True gold_rank=1 chunks=13
  mixed_ru_en (lexical): gold_found=True gold_rank=4 chunks=13
  pure_ru (lexical): gold_found=False gold_rank=None chunks=0

Results saved to experiments/crosslingual_relevance/m4_dense_results.json

=== SUMMARY ===
  en:
    lexical: gold_found=True rank=1 chunks=13
    hybrid:  gold_found=True rank=1 chunks=20
  mixed_ru_en:
    lexical: gold_found=True rank=4 chunks=13
    hybrid:  gold_found=True rank=3 chunks=20
  pure_ru:
    lexical: gold_found=False rank=None chunks=0
    hybrid:  gold_found=True rank=1 chunks=20
