Baseline production export: /tmp/opencode/p0-baseline-production-rsjy6943
FFFFFFFFFFFFF.........FFFFFFFFFF                                         [100%]
=================================== FAILURES ===================================
____________ test_project_docs_retains_exact_clean_preflight_action ____________

tmp_path = PosixPath('/tmp/pytest-of-viadmin/pytest-63/test_project_docs_retains_exac0')
monkeypatch = <_pytest.monkeypatch.MonkeyPatch object at 0x790d2e9cfb90>

    def test_project_docs_retains_exact_clean_preflight_action(tmp_path, monkeypatch):
        root = _project(tmp_path)
        service = _service_with_real_agent(tmp_path, monkeypatch)
        inspection = service.inspect_project_docs(str(root))
    
        result = service.get_project_docs(str(root), QUESTION)
    
        assert result.reason_code == "project_docs_found_not_indexed"
>       assert result.next_action == inspection.next_action
E       AssertionError: assert {'arguments_p...prepare_docs'} == {'arguments_p...prepare_docs'}
E         
E         Omitting 2 identical items, use -vv to show
E         Differing items:
E         {'arguments_patch': {'action': 'sync_project_docs', 'project_path': '/tmp/pytest-of-viadmin/pytest-63/test_project_docs_retains_exac0/project', 'with_vectors': False}} != {'arguments_patch': {'action': 'sync_project_docs', 'plan_digest': 'f1751d1058e3aeae3dbae096585def5b6c6f51679b667a70cf...9', 'project_path': '/tmp/pytest-of-viadmin/pytest-63/test_project_docs_retains_exac0/project', 'with_vectors': False}}
E         Right contains 1 more item:
E         {'requires_confirmation': False}
E         Use -v to get more diff

tests/test_clean_project_context_recovery.py:58: AssertionError
_ test_public_context_retains_clean_project_sync_recovery[How do I prepare local project documentation?-None-auto] _

tmp_path = PosixPath('/tmp/pytest-of-viadmin/pytest-63/test_public_context_retains_cl0')
monkeypatch = <_pytest.monkeypatch.MonkeyPatch object at 0x790d2d7ecf50>
mode = 'auto', scope = None
question = 'How do I prepare local project documentation?'

    @pytest.mark.parametrize("mode", ["auto", "project"])
    @pytest.mark.parametrize("scope", [None, "project", "all"])
    @pytest.mark.parametrize("question", [QUESTION, "Как подготовить локальную документацию проекта?"])
    def test_public_context_retains_clean_project_sync_recovery(tmp_path, monkeypatch, mode, scope, question):
        root = _project(tmp_path)
        service = _service_with_real_agent(tmp_path, monkeypatch)
        inspection = service.inspect_project_docs(str(root))
        assert inspection.reason_code == "project_docs_found_not_indexed"
        assert inspection.requires_confirmation is False
    
        payload = _context(service, root, question=question, mode=mode, **({"scope": scope} if scope else {}))
    
        assert payload["status"] == "insufficient_evidence"
>       assert payload["recovery_reason_code"] == "project_docs_found_not_indexed"
E       AssertionError: assert 'no_candidates' == 'project_docs...d_not_indexed'
E         
E         - project_docs_found_not_indexed
E         + no_candidates

tests/test_clean_project_context_recovery.py:77: AssertionError
_ test_public_context_retains_clean_project_sync_recovery[How do I prepare local project documentation?-None-project] _

tmp_path = PosixPath('/tmp/pytest-of-viadmin/pytest-63/test_public_context_retains_cl1')
monkeypatch = <_pytest.monkeypatch.MonkeyPatch object at 0x790d2e9f78c0>
mode = 'project', scope = None
question = 'How do I prepare local project documentation?'

    @pytest.mark.parametrize("mode", ["auto", "project"])
    @pytest.mark.parametrize("scope", [None, "project", "all"])
    @pytest.mark.parametrize("question", [QUESTION, "Как подготовить локальную документацию проекта?"])
    def test_public_context_retains_clean_project_sync_recovery(tmp_path, monkeypatch, mode, scope, question):
        root = _project(tmp_path)
        service = _service_with_real_agent(tmp_path, monkeypatch)
        inspection = service.inspect_project_docs(str(root))
        assert inspection.reason_code == "project_docs_found_not_indexed"
        assert inspection.requires_confirmation is False
    
        payload = _context(service, root, question=question, mode=mode, **({"scope": scope} if scope else {}))
    
        assert payload["status"] == "insufficient_evidence"
>       assert payload["recovery_reason_code"] == "project_docs_found_not_indexed"
E       AssertionError: assert 'no_candidates' == 'project_docs...d_not_indexed'
E         
E         - project_docs_found_not_indexed
E         + no_candidates

tests/test_clean_project_context_recovery.py:77: AssertionError
_ test_public_context_retains_clean_project_sync_recovery[How do I prepare local project documentation?-project-auto] _

tmp_path = PosixPath('/tmp/pytest-of-viadmin/pytest-63/test_public_context_retains_cl2')
monkeypatch = <_pytest.monkeypatch.MonkeyPatch object at 0x790d2cb6f920>
mode = 'auto', scope = 'project'
question = 'How do I prepare local project documentation?'

    @pytest.mark.parametrize("mode", ["auto", "project"])
    @pytest.mark.parametrize("scope", [None, "project", "all"])
    @pytest.mark.parametrize("question", [QUESTION, "Как подготовить локальную документацию проекта?"])
    def test_public_context_retains_clean_project_sync_recovery(tmp_path, monkeypatch, mode, scope, question):
        root = _project(tmp_path)
        service = _service_with_real_agent(tmp_path, monkeypatch)
        inspection = service.inspect_project_docs(str(root))
        assert inspection.reason_code == "project_docs_found_not_indexed"
        assert inspection.requires_confirmation is False
    
        payload = _context(service, root, question=question, mode=mode, **({"scope": scope} if scope else {}))
    
        assert payload["status"] == "insufficient_evidence"
>       assert payload["recovery_reason_code"] == "project_docs_found_not_indexed"
E       AssertionError: assert 'no_candidates' == 'project_docs...d_not_indexed'
E         
E         - project_docs_found_not_indexed
E         + no_candidates

tests/test_clean_project_context_recovery.py:77: AssertionError
_ test_public_context_retains_clean_project_sync_recovery[How do I prepare local project documentation?-project-project] _

tmp_path = PosixPath('/tmp/pytest-of-viadmin/pytest-63/test_public_context_retains_cl3')
monkeypatch = <_pytest.monkeypatch.MonkeyPatch object at 0x790d2c3ab380>
mode = 'project', scope = 'project'
question = 'How do I prepare local project documentation?'

    @pytest.mark.parametrize("mode", ["auto", "project"])
    @pytest.mark.parametrize("scope", [None, "project", "all"])
    @pytest.mark.parametrize("question", [QUESTION, "Как подготовить локальную документацию проекта?"])
    def test_public_context_retains_clean_project_sync_recovery(tmp_path, monkeypatch, mode, scope, question):
        root = _project(tmp_path)
        service = _service_with_real_agent(tmp_path, monkeypatch)
        inspection = service.inspect_project_docs(str(root))
        assert inspection.reason_code == "project_docs_found_not_indexed"
        assert inspection.requires_confirmation is False
    
        payload = _context(service, root, question=question, mode=mode, **({"scope": scope} if scope else {}))
    
        assert payload["status"] == "insufficient_evidence"
>       assert payload["recovery_reason_code"] == "project_docs_found_not_indexed"
E       AssertionError: assert 'no_candidates' == 'project_docs...d_not_indexed'
E         
E         - project_docs_found_not_indexed
E         + no_candidates

tests/test_clean_project_context_recovery.py:77: AssertionError
_ test_public_context_retains_clean_project_sync_recovery[How do I prepare local project documentation?-all-auto] _

tmp_path = PosixPath('/tmp/pytest-of-viadmin/pytest-63/test_public_context_retains_cl4')
monkeypatch = <_pytest.monkeypatch.MonkeyPatch object at 0x790d2c3aa300>
mode = 'auto', scope = 'all'
question = 'How do I prepare local project documentation?'

    @pytest.mark.parametrize("mode", ["auto", "project"])
    @pytest.mark.parametrize("scope", [None, "project", "all"])
    @pytest.mark.parametrize("question", [QUESTION, "Как подготовить локальную документацию проекта?"])
    def test_public_context_retains_clean_project_sync_recovery(tmp_path, monkeypatch, mode, scope, question):
        root = _project(tmp_path)
        service = _service_with_real_agent(tmp_path, monkeypatch)
        inspection = service.inspect_project_docs(str(root))
        assert inspection.reason_code == "project_docs_found_not_indexed"
        assert inspection.requires_confirmation is False
    
        payload = _context(service, root, question=question, mode=mode, **({"scope": scope} if scope else {}))
    
        assert payload["status"] == "insufficient_evidence"
>       assert payload["recovery_reason_code"] == "project_docs_found_not_indexed"
E       AssertionError: assert 'no_candidates' == 'project_docs...d_not_indexed'
E         
E         - project_docs_found_not_indexed
E         + no_candidates

tests/test_clean_project_context_recovery.py:77: AssertionError
_ test_public_context_retains_clean_project_sync_recovery[How do I prepare local project documentation?-all-project] _

tmp_path = PosixPath('/tmp/pytest-of-viadmin/pytest-63/test_public_context_retains_cl5')
monkeypatch = <_pytest.monkeypatch.MonkeyPatch object at 0x790d2c39a030>
mode = 'project', scope = 'all'
question = 'How do I prepare local project documentation?'

    @pytest.mark.parametrize("mode", ["auto", "project"])
    @pytest.mark.parametrize("scope", [None, "project", "all"])
    @pytest.mark.parametrize("question", [QUESTION, "Как подготовить локальную документацию проекта?"])
    def test_public_context_retains_clean_project_sync_recovery(tmp_path, monkeypatch, mode, scope, question):
        root = _project(tmp_path)
        service = _service_with_real_agent(tmp_path, monkeypatch)
        inspection = service.inspect_project_docs(str(root))
        assert inspection.reason_code == "project_docs_found_not_indexed"
        assert inspection.requires_confirmation is False
    
        payload = _context(service, root, question=question, mode=mode, **({"scope": scope} if scope else {}))
    
        assert payload["status"] == "insufficient_evidence"
>       assert payload["recovery_reason_code"] == "project_docs_found_not_indexed"
E       AssertionError: assert 'no_candidates' == 'project_docs...d_not_indexed'
E         
E         - project_docs_found_not_indexed
E         + no_candidates

tests/test_clean_project_context_recovery.py:77: AssertionError
_ test_public_context_retains_clean_project_sync_recovery[\u041a\u0430\u043a \u043f\u043e\u0434\u0433\u043e\u0442\u043e\u0432\u0438\u0442\u044c \u043b\u043e\u043a\u0430\u043b\u044c\u043d\u0443\u044e \u0434\u043e\u043a\u0443\u043c\u0435\u043d\u0442\u0430\u0446\u0438\u044e \u043f\u0440\u043e\u0435\u043a\u0442\u0430?-None-auto] _

tmp_path = PosixPath('/tmp/pytest-of-viadmin/pytest-63/test_public_context_retains_cl6')
monkeypatch = <_pytest.monkeypatch.MonkeyPatch object at 0x790d2ea32f00>
mode = 'auto', scope = None
question = 'Как подготовить локальную документацию проекта?'

    @pytest.mark.parametrize("mode", ["auto", "project"])
    @pytest.mark.parametrize("scope", [None, "project", "all"])
    @pytest.mark.parametrize("question", [QUESTION, "Как подготовить локальную документацию проекта?"])
    def test_public_context_retains_clean_project_sync_recovery(tmp_path, monkeypatch, mode, scope, question):
        root = _project(tmp_path)
        service = _service_with_real_agent(tmp_path, monkeypatch)
        inspection = service.inspect_project_docs(str(root))
        assert inspection.reason_code == "project_docs_found_not_indexed"
        assert inspection.requires_confirmation is False
    
        payload = _context(service, root, question=question, mode=mode, **({"scope": scope} if scope else {}))
    
        assert payload["status"] == "insufficient_evidence"
>       assert payload["recovery_reason_code"] == "project_docs_found_not_indexed"
E       AssertionError: assert 'no_candidates' == 'project_docs...d_not_indexed'
E         
E         - project_docs_found_not_indexed
E         + no_candidates

tests/test_clean_project_context_recovery.py:77: AssertionError
_ test_public_context_retains_clean_project_sync_recovery[\u041a\u0430\u043a \u043f\u043e\u0434\u0433\u043e\u0442\u043e\u0432\u0438\u0442\u044c \u043b\u043e\u043a\u0430\u043b\u044c\u043d\u0443\u044e \u0434\u043e\u043a\u0443\u043c\u0435\u043d\u0442\u0430\u0446\u0438\u044e \u043f\u0440\u043e\u0435\u043a\u0442\u0430?-None-project] _

tmp_path = PosixPath('/tmp/pytest-of-viadmin/pytest-63/test_public_context_retains_cl7')
monkeypatch = <_pytest.monkeypatch.MonkeyPatch object at 0x790d2c1b7e90>
mode = 'project', scope = None
question = 'Как подготовить локальную документацию проекта?'

    @pytest.mark.parametrize("mode", ["auto", "project"])
    @pytest.mark.parametrize("scope", [None, "project", "all"])
    @pytest.mark.parametrize("question", [QUESTION, "Как подготовить локальную документацию проекта?"])
    def test_public_context_retains_clean_project_sync_recovery(tmp_path, monkeypatch, mode, scope, question):
        root = _project(tmp_path)
        service = _service_with_real_agent(tmp_path, monkeypatch)
        inspection = service.inspect_project_docs(str(root))
        assert inspection.reason_code == "project_docs_found_not_indexed"
        assert inspection.requires_confirmation is False
    
        payload = _context(service, root, question=question, mode=mode, **({"scope": scope} if scope else {}))
    
        assert payload["status"] == "insufficient_evidence"
>       assert payload["recovery_reason_code"] == "project_docs_found_not_indexed"
E       AssertionError: assert 'no_candidates' == 'project_docs...d_not_indexed'
E         
E         - project_docs_found_not_indexed
E         + no_candidates

tests/test_clean_project_context_recovery.py:77: AssertionError
_ test_public_context_retains_clean_project_sync_recovery[\u041a\u0430\u043a \u043f\u043e\u0434\u0433\u043e\u0442\u043e\u0432\u0438\u0442\u044c \u043b\u043e\u043a\u0430\u043b\u044c\u043d\u0443\u044e \u0434\u043e\u043a\u0443\u043c\u0435\u043d\u0442\u0430\u0446\u0438\u044e \u043f\u0440\u043e\u0435\u043a\u0442\u0430?-project-auto] _

tmp_path = PosixPath('/tmp/pytest-of-viadmin/pytest-63/test_public_context_retains_cl8')
monkeypatch = <_pytest.monkeypatch.MonkeyPatch object at 0x790d2c1b6ba0>
mode = 'auto', scope = 'project'
question = 'Как подготовить локальную документацию проекта?'

    @pytest.mark.parametrize("mode", ["auto", "project"])
    @pytest.mark.parametrize("scope", [None, "project", "all"])
    @pytest.mark.parametrize("question", [QUESTION, "Как подготовить локальную документацию проекта?"])
    def test_public_context_retains_clean_project_sync_recovery(tmp_path, monkeypatch, mode, scope, question):
        root = _project(tmp_path)
        service = _service_with_real_agent(tmp_path, monkeypatch)
        inspection = service.inspect_project_docs(str(root))
        assert inspection.reason_code == "project_docs_found_not_indexed"
        assert inspection.requires_confirmation is False
    
        payload = _context(service, root, question=question, mode=mode, **({"scope": scope} if scope else {}))
    
        assert payload["status"] == "insufficient_evidence"
>       assert payload["recovery_reason_code"] == "project_docs_found_not_indexed"
E       AssertionError: assert 'no_candidates' == 'project_docs...d_not_indexed'
E         
E         - project_docs_found_not_indexed
E         + no_candidates

tests/test_clean_project_context_recovery.py:77: AssertionError
_ test_public_context_retains_clean_project_sync_recovery[\u041a\u0430\u043a \u043f\u043e\u0434\u0433\u043e\u0442\u043e\u0432\u0438\u0442\u044c \u043b\u043e\u043a\u0430\u043b\u044c\u043d\u0443\u044e \u0434\u043e\u043a\u0443\u043c\u0435\u043d\u0442\u0430\u0446\u0438\u044e \u043f\u0440\u043e\u0435\u043a\u0442\u0430?-project-project] _

tmp_path = PosixPath('/tmp/pytest-of-viadmin/pytest-63/test_public_context_retains_cl9')
monkeypatch = <_pytest.monkeypatch.MonkeyPatch object at 0x790d2c103590>
mode = 'project', scope = 'project'
question = 'Как подготовить локальную документацию проекта?'

    @pytest.mark.parametrize("mode", ["auto", "project"])
    @pytest.mark.parametrize("scope", [None, "project", "all"])
    @pytest.mark.parametrize("question", [QUESTION, "Как подготовить локальную документацию проекта?"])
    def test_public_context_retains_clean_project_sync_recovery(tmp_path, monkeypatch, mode, scope, question):
        root = _project(tmp_path)
        service = _service_with_real_agent(tmp_path, monkeypatch)
        inspection = service.inspect_project_docs(str(root))
        assert inspection.reason_code == "project_docs_found_not_indexed"
        assert inspection.requires_confirmation is False
    
        payload = _context(service, root, question=question, mode=mode, **({"scope": scope} if scope else {}))
    
        assert payload["status"] == "insufficient_evidence"
>       assert payload["recovery_reason_code"] == "project_docs_found_not_indexed"
E       AssertionError: assert 'no_candidates' == 'project_docs...d_not_indexed'
E         
E         - project_docs_found_not_indexed
E         + no_candidates

tests/test_clean_project_context_recovery.py:77: AssertionError
_ test_public_context_retains_clean_project_sync_recovery[\u041a\u0430\u043a \u043f\u043e\u0434\u0433\u043e\u0442\u043e\u0432\u0438\u0442\u044c \u043b\u043e\u043a\u0430\u043b\u044c\u043d\u0443\u044e \u0434\u043e\u043a\u0443\u043c\u0435\u043d\u0442\u0430\u0446\u0438\u044e \u043f\u0440\u043e\u0435\u043a\u0442\u0430?-all-auto] _

tmp_path = PosixPath('/tmp/pytest-of-viadmin/pytest-63/test_public_context_retains_cl10')
monkeypatch = <_pytest.monkeypatch.MonkeyPatch object at 0x790d2c1005f0>
mode = 'auto', scope = 'all'
question = 'Как подготовить локальную документацию проекта?'

    @pytest.mark.parametrize("mode", ["auto", "project"])
    @pytest.mark.parametrize("scope", [None, "project", "all"])
    @pytest.mark.parametrize("question", [QUESTION, "Как подготовить локальную документацию проекта?"])
    def test_public_context_retains_clean_project_sync_recovery(tmp_path, monkeypatch, mode, scope, question):
        root = _project(tmp_path)
        service = _service_with_real_agent(tmp_path, monkeypatch)
        inspection = service.inspect_project_docs(str(root))
        assert inspection.reason_code == "project_docs_found_not_indexed"
        assert inspection.requires_confirmation is False
    
        payload = _context(service, root, question=question, mode=mode, **({"scope": scope} if scope else {}))
    
        assert payload["status"] == "insufficient_evidence"
>       assert payload["recovery_reason_code"] == "project_docs_found_not_indexed"
E       AssertionError: assert 'no_candidates' == 'project_docs...d_not_indexed'
E         
E         - project_docs_found_not_indexed
E         + no_candidates

tests/test_clean_project_context_recovery.py:77: AssertionError
_ test_public_context_retains_clean_project_sync_recovery[\u041a\u0430\u043a \u043f\u043e\u0434\u0433\u043e\u0442\u043e\u0432\u0438\u0442\u044c \u043b\u043e\u043a\u0430\u043b\u044c\u043d\u0443\u044e \u0434\u043e\u043a\u0443\u043c\u0435\u043d\u0442\u0430\u0446\u0438\u044e \u043f\u0440\u043e\u0435\u043a\u0442\u0430?-all-project] _

tmp_path = PosixPath('/tmp/pytest-of-viadmin/pytest-63/test_public_context_retains_cl11')
monkeypatch = <_pytest.monkeypatch.MonkeyPatch object at 0x790d2c1a1bb0>
mode = 'project', scope = 'all'
question = 'Как подготовить локальную документацию проекта?'

    @pytest.mark.parametrize("mode", ["auto", "project"])
    @pytest.mark.parametrize("scope", [None, "project", "all"])
    @pytest.mark.parametrize("question", [QUESTION, "Как подготовить локальную документацию проекта?"])
    def test_public_context_retains_clean_project_sync_recovery(tmp_path, monkeypatch, mode, scope, question):
        root = _project(tmp_path)
        service = _service_with_real_agent(tmp_path, monkeypatch)
        inspection = service.inspect_project_docs(str(root))
        assert inspection.reason_code == "project_docs_found_not_indexed"
        assert inspection.requires_confirmation is False
    
        payload = _context(service, root, question=question, mode=mode, **({"scope": scope} if scope else {}))
    
        assert payload["status"] == "insufficient_evidence"
>       assert payload["recovery_reason_code"] == "project_docs_found_not_indexed"
E       AssertionError: assert 'no_candidates' == 'project_docs...d_not_indexed'
E         
E         - project_docs_found_not_indexed
E         + no_candidates

tests/test_clean_project_context_recovery.py:77: AssertionError
_______ test_public_recovery_action_rechecks_witness_before_sync[dirty] ________

tmp_path = PosixPath('/tmp/pytest-of-viadmin/pytest-63/test_public_recovery_action_re0')
monkeypatch = <_pytest.monkeypatch.MonkeyPatch object at 0x790d29f6ce90>
change = 'dirty'

    @pytest.mark.parametrize("change", ["dirty", "head", "digest", "no_git", "indeterminate", "preflight"])
    def test_public_recovery_action_rechecks_witness_before_sync(tmp_path, monkeypatch, change):
        root = _project(tmp_path)
        service = _service_with_real_agent(tmp_path, monkeypatch)
        payload = _context(service, root)
        action = deepcopy(payload["recommended_next_action"])
>       assert action["tool"] == "prepare_docs"
E       AssertionError: assert 'code_search' == 'prepare_docs'
E         
E         - prepare_docs
E         + code_search

tests/test_clean_project_context_recovery.py:168: AssertionError
________ test_public_recovery_action_rechecks_witness_before_sync[head] ________

tmp_path = PosixPath('/tmp/pytest-of-viadmin/pytest-63/test_public_recovery_action_re1')
monkeypatch = <_pytest.monkeypatch.MonkeyPatch object at 0x790d2c103fe0>
change = 'head'

    @pytest.mark.parametrize("change", ["dirty", "head", "digest", "no_git", "indeterminate", "preflight"])
    def test_public_recovery_action_rechecks_witness_before_sync(tmp_path, monkeypatch, change):
        root = _project(tmp_path)
        service = _service_with_real_agent(tmp_path, monkeypatch)
        payload = _context(service, root)
        action = deepcopy(payload["recommended_next_action"])
>       assert action["tool"] == "prepare_docs"
E       AssertionError: assert 'code_search' == 'prepare_docs'
E         
E         - prepare_docs
E         + code_search

tests/test_clean_project_context_recovery.py:168: AssertionError
_______ test_public_recovery_action_rechecks_witness_before_sync[digest] _______

tmp_path = PosixPath('/tmp/pytest-of-viadmin/pytest-63/test_public_recovery_action_re2')
monkeypatch = <_pytest.monkeypatch.MonkeyPatch object at 0x790d2c2ad700>
change = 'digest'

    @pytest.mark.parametrize("change", ["dirty", "head", "digest", "no_git", "indeterminate", "preflight"])
    def test_public_recovery_action_rechecks_witness_before_sync(tmp_path, monkeypatch, change):
        root = _project(tmp_path)
        service = _service_with_real_agent(tmp_path, monkeypatch)
        payload = _context(service, root)
        action = deepcopy(payload["recommended_next_action"])
>       assert action["tool"] == "prepare_docs"
E       AssertionError: assert 'code_search' == 'prepare_docs'
E         
E         - prepare_docs
E         + code_search

tests/test_clean_project_context_recovery.py:168: AssertionError
_______ test_public_recovery_action_rechecks_witness_before_sync[no_git] _______

tmp_path = PosixPath('/tmp/pytest-of-viadmin/pytest-63/test_public_recovery_action_re3')
monkeypatch = <_pytest.monkeypatch.MonkeyPatch object at 0x790d29f58710>
change = 'no_git'

    @pytest.mark.parametrize("change", ["dirty", "head", "digest", "no_git", "indeterminate", "preflight"])
    def test_public_recovery_action_rechecks_witness_before_sync(tmp_path, monkeypatch, change):
        root = _project(tmp_path)
        service = _service_with_real_agent(tmp_path, monkeypatch)
        payload = _context(service, root)
        action = deepcopy(payload["recommended_next_action"])
>       assert action["tool"] == "prepare_docs"
E       AssertionError: assert 'code_search' == 'prepare_docs'
E         
E         - prepare_docs
E         + code_search

tests/test_clean_project_context_recovery.py:168: AssertionError
___ test_public_recovery_action_rechecks_witness_before_sync[indeterminate] ____

tmp_path = PosixPath('/tmp/pytest-of-viadmin/pytest-63/test_public_recovery_action_re4')
monkeypatch = <_pytest.monkeypatch.MonkeyPatch object at 0x790d29f8c590>
change = 'indeterminate'

    @pytest.mark.parametrize("change", ["dirty", "head", "digest", "no_git", "indeterminate", "preflight"])
    def test_public_recovery_action_rechecks_witness_before_sync(tmp_path, monkeypatch, change):
        root = _project(tmp_path)
        service = _service_with_real_agent(tmp_path, monkeypatch)
        payload = _context(service, root)
        action = deepcopy(payload["recommended_next_action"])
>       assert action["tool"] == "prepare_docs"
E       AssertionError: assert 'code_search' == 'prepare_docs'
E         
E         - prepare_docs
E         + code_search

tests/test_clean_project_context_recovery.py:168: AssertionError
_____ test_public_recovery_action_rechecks_witness_before_sync[preflight] ______

tmp_path = PosixPath('/tmp/pytest-of-viadmin/pytest-63/test_public_recovery_action_re5')
monkeypatch = <_pytest.monkeypatch.MonkeyPatch object at 0x790d29f7e540>
change = 'preflight'

    @pytest.mark.parametrize("change", ["dirty", "head", "digest", "no_git", "indeterminate", "preflight"])
    def test_public_recovery_action_rechecks_witness_before_sync(tmp_path, monkeypatch, change):
        root = _project(tmp_path)
        service = _service_with_real_agent(tmp_path, monkeypatch)
        payload = _context(service, root)
        action = deepcopy(payload["recommended_next_action"])
>       assert action["tool"] == "prepare_docs"
E       AssertionError: assert 'code_search' == 'prepare_docs'
E         
E         - prepare_docs
E         + code_search

tests/test_clean_project_context_recovery.py:168: AssertionError
__________ test_public_recovery_sync_then_retry_returns_current_quote __________

tmp_path = PosixPath('/tmp/pytest-of-viadmin/pytest-63/test_public_recovery_sync_then0')
monkeypatch = <_pytest.monkeypatch.MonkeyPatch object at 0x790d2c1000b0>

    def test_public_recovery_sync_then_retry_returns_current_quote(tmp_path, monkeypatch):
        root = _project(tmp_path)
        service = _service_with_real_agent(tmp_path, monkeypatch)
        payload = _context(service, root, scope="all")
        action = payload["recommended_next_action"]
>       assert action["tool"] == "prepare_docs"
E       AssertionError: assert 'code_search' == 'prepare_docs'
E         
E         - prepare_docs
E         + code_search

tests/test_clean_project_context_recovery.py:208: AssertionError
_ test_query_project_docs_attributes_generic_retrieval_hints_without_covering_original _

tmp_path = PosixPath('/tmp/pytest-of-viadmin/pytest-63/test_query_project_docs_attrib0')

    def test_query_project_docs_attributes_generic_retrieval_hints_without_covering_original(tmp_path):
        from docmancer.docs.application.evidence_selection import build_requirements
    
        project = tmp_path / "generic-hint"
        project.mkdir()
        question = "How are NebulaLedger orbital telemetry snapshots persisted?"
    
        class Agent:
            config = SimpleNamespace(query=SimpleNamespace(default_limit=5))
    
            def query(self, query, *, limit, budget, expand, filters):
                if query == "NebulaLedger":
                    return [RetrievedChunk(
                        source="docs/nebula.md",
                        chunk_index=0,
                        text="NebulaLedger persists orbital telemetry snapshots in SQLite.",
                        score=1.0,
                        metadata={
                            "project_identity": filters["project_identity"],
                            "token_estimate": 20,
                            "lexical_match": {"qualified": True, "mode": "and"},
                        },
                    )]
                return []
    
        class Facade:
            def _agent_instance(self):
                return Agent()
    
        chunks = ProjectDocsService(Facade()).query_project_docs(
            str(project),
            question,
            requirements=build_requirements(question, profile="project_docs_answer"),
        )
    
        assert len(chunks) == 1
>       assert "query-hint-1" in chunks[0].metadata["retrieval_query_ids"]
E       AssertionError: assert 'query-hint-1' in ('query-anchor-1', 'query-original')

tests/test_docs_service_part02.py:782: AssertionError
_____ test_project_query_does_not_return_non_project_docs_with_same_terms ______

tmp_path = PosixPath('/tmp/pytest-of-viadmin/pytest-63/test_project_query_does_not_re0')
monkeypatch = <_pytest.monkeypatch.MonkeyPatch object at 0x790d29f7ec90>

    def test_project_query_does_not_return_non_project_docs_with_same_terms(tmp_path, monkeypatch):
        project = tmp_path / "app"
        project.mkdir()
        docs = project / "docs"
        docs.mkdir()
        distractor = (
            "# Presentation plan notes\n\n"
            "Phase 2.3 presentation-only snippets mention EvidenceRequirementSet, "
            "SupportDecision, and decision_hash, but this supporting note does not "
            "define the acceptance contract.\n"
        )
        for index in range(24):
            (docs / f"note-{index:02d}.md").write_text(distractor, encoding="utf-8")
        (project / "zz-authoritative-plan.md").write_text(
            """# Approved retrieval plan
    
    ## Phase 2.3: presentation-only snippets
    
    EvidenceRequirementSet and SupportDecision are canonical selector inputs.
    Presentation cannot determine support or drop a mandatory-facet witness.
    Every public mode preserves the same decision_hash and selected evidence IDs.
    
    ## Phase 3.1: dispatcher reuse
    
    Library lexical retrieval invokes RetrievalDispatcher with the raw topic unchanged.
    EvidenceRequirementSet supplies recall hints but never a second support decision.
    The first production mode remains lexical and must not call vectors or embeddings.
    
    ## Phase 3.1: index-witness retrieval-miss classification
    
    Files:
    
    - docmancer/docs/application/library_docs_service.py
    - docmancer/docs/infrastructure/agent_index_gateway.py
    
    Classify retrieval_miss only when the complete same-library, exact-version corpus
    contains mandatory-requirement witnesses confirmed by a bounded index-level probe
    outside the selected candidates. Never infer retrieval_miss from an empty candidate
    list. Keep the default lexical path provider-free: it makes no vector, embedding,
    or provider calls.
    """,
            encoding="utf-8",
        )
        (project / "README.md").write_text(
            "# Project overview\n\nThis repository owns the approved retrieval plan.\n",
            encoding="utf-8",
        )
        (project / "docatlas.project-docs.yaml").write_text(
            """schema_version: 1
    documents:
      - path: zz-authoritative-plan.md
        role: development
        scope: project
        description: Approved implementation plan and acceptance contract.
        authority: source_of_truth
        status: active
        impact: track
      - path: README.md
        role: overview
        scope: project
        description: Project overview.
        authority: supporting
        status: active
        impact: track
    roots:
      - path: docs
        scope: project
        authority: supporting
    """,
            encoding="utf-8",
        )
        service = _service_with_real_agent(tmp_path, monkeypatch)
        ingest = service.ingest_project_docs(str(project), with_vectors=False)
        assert ingest.status == "success", ingest.message
    
        question = (
            "What exact Phase 2.3 presentation-only snippet contract governs "
            "EvidenceRequirementSet, SupportDecision, and decision_hash?"
        )
        payload = handle_context_tool(
            "get_docs_context",
            {
                "question": question,
                "project_path": str(project),
                "mode": "project",
                "delivery_strategy": "bounded_direct",
            },
            service,
        )
    
        assert payload is not None
        assert payload["status"] == "ok"
        assert payload["kind"] == "docs_context"
        assert payload["answer_supported"] is False
        assert payload["edit_ready"] is False
        assert payload["sources"][0]["path_or_url"] == "zz-authoritative-plan.md"
>       assert all(
            not source["path_or_url"].startswith("docs/note-")
            for source in payload["sources"]
        ), payload["sources"]
E       AssertionError: [{'authority': 'source_of_truth', 'content_sha256': 'd801250345513d303b5ead308ca62734b3c97afab19a9edc0f05c82c6c790490'...021f97bbd3ed1d9acac4abd0b2b282719a3b8a67b82567d14a87fe3b87', 'evidence_id': 'ev-94789e62e39a6404', 'line_end': 3, ...}]
E       assert False
E        +  where False = all(<generator object test_project_query_does_not_return_non_project_docs_with_same_terms.<locals>.<genexpr> at 0x790d2d277440>)

tests/test_docs_service_part03.py:101: AssertionError
______ test_frozen_request_flow_prefers_project_context_module_witnesses _______

    def test_frozen_request_flow_prefers_project_context_module_witnesses():
        from eval.project_context_quality_v2_protocol import evaluate_case, load_cases
        from scripts.run_project_docs_self_host_gate import LiveCase, run
    
        case = next(row for row in load_cases() if row["id"] == "v2-natural-request-flow")
        result = run(cases=(LiveCase(
            case_id=case["id"], question=case["question"], relevant_paths=(),
            lookup_queries=tuple(case["lookup_queries"]), scope=case["scope"],
        ),), negative_cases=())
        payload = result["results"][0]["payload"]
        verdict = evaluate_case(case, payload)
        assert "docs/modules/project-context-retrieval.md" in {
            source["path_or_url"] for source in payload["sources"]
        }
>       assert all(row["met"] for row in verdict["obligations"]), verdict["obligations"]
E       AssertionError: [{'id': 'flow_mcp', 'lookup_query_ids': ['query-lookup-1'], 'met': False, 'visible_witnesses': []}, {'id': 'flow_appli...ible_witnesses': [{'evidence_id': 'ev-8ae1789c9c28bae9', 'path_or_url': 'docs/modules/project-context-retrieval.md'}]}]
E       assert False
E        +  where False = all(<generator object test_frozen_request_flow_prefers_project_context_module_witnesses.<locals>.<genexpr> at 0x790d2c39c040>)

tests/docs/test_context_projection_boundaries.py:236: AssertionError
=========================== short test summary info ============================
FAILED tests/test_clean_project_context_recovery.py::test_project_docs_retains_exact_clean_preflight_action
FAILED tests/test_clean_project_context_recovery.py::test_public_context_retains_clean_project_sync_recovery[How do I prepare local project documentation?-None-auto]
FAILED tests/test_clean_project_context_recovery.py::test_public_context_retains_clean_project_sync_recovery[How do I prepare local project documentation?-None-project]
FAILED tests/test_clean_project_context_recovery.py::test_public_context_retains_clean_project_sync_recovery[How do I prepare local project documentation?-project-auto]
FAILED tests/test_clean_project_context_recovery.py::test_public_context_retains_clean_project_sync_recovery[How do I prepare local project documentation?-project-project]
FAILED tests/test_clean_project_context_recovery.py::test_public_context_retains_clean_project_sync_recovery[How do I prepare local project documentation?-all-auto]
FAILED tests/test_clean_project_context_recovery.py::test_public_context_retains_clean_project_sync_recovery[How do I prepare local project documentation?-all-project]
FAILED tests/test_clean_project_context_recovery.py::test_public_context_retains_clean_project_sync_recovery[\u041a\u0430\u043a \u043f\u043e\u0434\u0433\u043e\u0442\u043e\u0432\u0438\u0442\u044c \u043b\u043e\u043a\u0430\u043b\u044c\u043d\u0443\u044e \u0434\u043e\u043a\u0443\u043c\u0435\u043d\u0442\u0430\u0446\u0438\u044e \u043f\u0440\u043e\u0435\u043a\u0442\u0430?-None-auto]
FAILED tests/test_clean_project_context_recovery.py::test_public_context_retains_clean_project_sync_recovery[\u041a\u0430\u043a \u043f\u043e\u0434\u0433\u043e\u0442\u043e\u0432\u0438\u0442\u044c \u043b\u043e\u043a\u0430\u043b\u044c\u043d\u0443\u044e \u0434\u043e\u043a\u0443\u043c\u0435\u043d\u0442\u0430\u0446\u0438\u044e \u043f\u0440\u043e\u0435\u043a\u0442\u0430?-None-project]
FAILED tests/test_clean_project_context_recovery.py::test_public_context_retains_clean_project_sync_recovery[\u041a\u0430\u043a \u043f\u043e\u0434\u0433\u043e\u0442\u043e\u0432\u0438\u0442\u044c \u043b\u043e\u043a\u0430\u043b\u044c\u043d\u0443\u044e \u0434\u043e\u043a\u0443\u043c\u0435\u043d\u0442\u0430\u0446\u0438\u044e \u043f\u0440\u043e\u0435\u043a\u0442\u0430?-project-auto]
FAILED tests/test_clean_project_context_recovery.py::test_public_context_retains_clean_project_sync_recovery[\u041a\u0430\u043a \u043f\u043e\u0434\u0433\u043e\u0442\u043e\u0432\u0438\u0442\u044c \u043b\u043e\u043a\u0430\u043b\u044c\u043d\u0443\u044e \u0434\u043e\u043a\u0443\u043c\u0435\u043d\u0442\u0430\u0446\u0438\u044e \u043f\u0440\u043e\u0435\u043a\u0442\u0430?-project-project]
FAILED tests/test_clean_project_context_recovery.py::test_public_context_retains_clean_project_sync_recovery[\u041a\u0430\u043a \u043f\u043e\u0434\u0433\u043e\u0442\u043e\u0432\u0438\u0442\u044c \u043b\u043e\u043a\u0430\u043b\u044c\u043d\u0443\u044e \u0434\u043e\u043a\u0443\u043c\u0435\u043d\u0442\u0430\u0446\u0438\u044e \u043f\u0440\u043e\u0435\u043a\u0442\u0430?-all-auto]
FAILED tests/test_clean_project_context_recovery.py::test_public_context_retains_clean_project_sync_recovery[\u041a\u0430\u043a \u043f\u043e\u0434\u0433\u043e\u0442\u043e\u0432\u0438\u0442\u044c \u043b\u043e\u043a\u0430\u043b\u044c\u043d\u0443\u044e \u0434\u043e\u043a\u0443\u043c\u0435\u043d\u0442\u0430\u0446\u0438\u044e \u043f\u0440\u043e\u0435\u043a\u0442\u0430?-all-project]
FAILED tests/test_clean_project_context_recovery.py::test_public_recovery_action_rechecks_witness_before_sync[dirty]
FAILED tests/test_clean_project_context_recovery.py::test_public_recovery_action_rechecks_witness_before_sync[head]
FAILED tests/test_clean_project_context_recovery.py::test_public_recovery_action_rechecks_witness_before_sync[digest]
FAILED tests/test_clean_project_context_recovery.py::test_public_recovery_action_rechecks_witness_before_sync[no_git]
FAILED tests/test_clean_project_context_recovery.py::test_public_recovery_action_rechecks_witness_before_sync[indeterminate]
FAILED tests/test_clean_project_context_recovery.py::test_public_recovery_action_rechecks_witness_before_sync[preflight]
FAILED tests/test_clean_project_context_recovery.py::test_public_recovery_sync_then_retry_returns_current_quote
FAILED tests/test_docs_service_part02.py::test_query_project_docs_attributes_generic_retrieval_hints_without_covering_original
FAILED tests/test_docs_service_part03.py::test_project_query_does_not_return_non_project_docs_with_same_terms
FAILED tests/docs/test_context_projection_boundaries.py::test_frozen_request_flow_prefers_project_context_module_witnesses
23 failed, 9 passed in 14.62s
