Using CPython 3.13.12
Resolved 162 packages in 0.56ms
['uv', 'lock', '--check'] 0
['/tmp/opencode/docatlas-stage3-stack-env/bin/python', '-m', 'compileall', '-q', 'docmancer', 'eval', 'scripts', 'tests'] 0
Python module size gate: PASS (all .py <= 1000 lines)
['/tmp/opencode/docatlas-stage3-stack-env/bin/python', 'scripts/check_python_module_size.py'] 0
Agent Developer model report contract: SELF-TEST PASS
['/tmp/opencode/docatlas-stage3-stack-env/bin/python', 'scripts/verify_agent_developer_model_report.py', '--self-test'] 0
Committed main ruleset contract: PASS
['/tmp/opencode/docatlas-stage3-stack-env/bin/python', 'scripts/main_ruleset.py', '--self-test'] 0
подсказка: Using 'master' as the name for the initial branch. This default branch name
подсказка: is subject to change. To configure the initial branch name to use in all
подсказка: of your new repositories, which will suppress this warning, call:
подсказка: 
подсказка: 	git config --global init.defaultBranch <name>
подсказка: 
подсказка: Names commonly chosen instead of 'master' are 'main', 'trunk' and
подсказка: 'development'. The just-created branch can be renamed via this command:
подсказка: 
подсказка: 	git branch -m <name>
PASS: test_committed_contract
PASS: test_request_rejects_identity_and_path_drift
PASS: test_preflight_binds_exact_reviewed_delta
PASS: test_public_evidence_requires_exact_bytes_and_platforms
Reviewed release request self-test: PASS (4/4)
['/tmp/opencode/docatlas-stage3-stack-env/bin/python', 'scripts/release_request_self_test.py'] 0
['git', 'diff', '--check'] 0
