external48 fastapi-01 sufficient {'dispatcher_calls': 7, 'pre_cap_candidates': 96, 'post_cap_candidates': 27, 'retrieved': 27, 'query_window': 10, 'qualified_variants': 15} 
external48 fastapi-02 sufficient {'dispatcher_calls': 7, 'pre_cap_candidates': 40, 'post_cap_candidates': 16, 'retrieved': 16, 'query_window': 8, 'qualified_variants': 8} 
external48 fastapi-03 sufficient {'dispatcher_calls': 7, 'pre_cap_candidates': 48, 'post_cap_candidates': 15, 'retrieved': 15, 'query_window': 6, 'qualified_variants': 5} 
external48 fastapi-04 sufficient {'dispatcher_calls': 8, 'pre_cap_candidates': 87, 'post_cap_candidates': 26, 'retrieved': 26, 'query_window': 12, 'qualified_variants': 54} 
external48 fastapi-05 sufficient {'dispatcher_calls': 7, 'pre_cap_candidates': 73, 'post_cap_candidates': 20, 'retrieved': 20, 'query_window': 6, 'qualified_variants': 5} 
external48 fastapi-06 sufficient {'dispatcher_calls': 7, 'pre_cap_candidates': 46, 'post_cap_candidates': 10, 'retrieved': 10, 'query_window': 3, 'qualified_variants': 3} 
external48 httpx-01 sufficient {'dispatcher_calls': 7, 'pre_cap_candidates': 46, 'post_cap_candidates': 23, 'retrieved': 23, 'query_window': 8, 'qualified_variants': 76} 
external48 httpx-02 sufficient {'dispatcher_calls': 7, 'pre_cap_candidates': 52, 'post_cap_candidates': 29, 'retrieved': 29, 'query_window': 9, 'qualified_variants': 22} 
external48 httpx-03 sufficient {'dispatcher_calls': 7, 'pre_cap_candidates': 46, 'post_cap_candidates': 23, 'retrieved': 23, 'query_window': 6, 'qualified_variants': 28} 
external48 httpx-04 sufficient {'dispatcher_calls': 6, 'pre_cap_candidates': 25, 'post_cap_candidates': 17, 'retrieved': 17, 'query_window': 4, 'qualified_variants': 6} 
external48 httpx-05 sufficient {'dispatcher_calls': 8, 'pre_cap_candidates': 55, 'post_cap_candidates': 26, 'retrieved': 26, 'query_window': 8, 'qualified_variants': 7} 
external48 httpx-06 sufficient {'dispatcher_calls': 6, 'pre_cap_candidates': 28, 'post_cap_candidates': 17, 'retrieved': 17, 'query_window': 5, 'qualified_variants': 2} 
external48 mkdocs-01 sufficient {'dispatcher_calls': 7, 'pre_cap_candidates': 123, 'post_cap_candidates': 16, 'retrieved': 16, 'query_window': 6, 'qualified_variants': 4} 
external48 mkdocs-02 sufficient {'dispatcher_calls': 8, 'pre_cap_candidates': 142, 'post_cap_candidates': 22, 'retrieved': 22, 'query_window': 6, 'qualified_variants': 8} 
external48 mkdocs-03 sufficient {'dispatcher_calls': 6, 'pre_cap_candidates': 120, 'post_cap_candidates': 15, 'retrieved': 15, 'query_window': 6, 'qualified_variants': 2} 
external48 mkdocs-04 sufficient {'dispatcher_calls': 9, 'pre_cap_candidates': 149, 'post_cap_candidates': 26, 'retrieved': 26, 'query_window': 14, 'qualified_variants': 27} 
external48 mkdocs-05 sufficient {'dispatcher_calls': 7, 'pre_cap_candidates': 131, 'post_cap_candidates': 21, 'retrieved': 18, 'query_window': 7, 'qualified_variants': 6} 
external48 mkdocs-06 needs_review {'dispatcher_calls': 6, 'pre_cap_candidates': 90, 'post_cap_candidates': 16, 'retrieved': 16, 'query_window': 5, 'qualified_variants': 4} 
external48 pydantic-01 sufficient {'dispatcher_calls': 6, 'pre_cap_candidates': 111, 'post_cap_candidates': 22, 'retrieved': 22, 'query_window': 13, 'qualified_variants': 3} 
external48 pydantic-02 sufficient {'dispatcher_calls': 8, 'pre_cap_candidates': 99, 'post_cap_candidates': 22, 'retrieved': 22, 'query_window': 10, 'qualified_variants': 9} 
external48 pydantic-03 sufficient {'dispatcher_calls': 6, 'pre_cap_candidates': 111, 'post_cap_candidates': 21, 'retrieved': 21, 'query_window': 13, 'qualified_variants': 1} 
external48 pydantic-04 sufficient {'dispatcher_calls': 7, 'pre_cap_candidates': 108, 'post_cap_candidates': 29, 'retrieved': 29, 'query_window': 14, 'qualified_variants': 26} 
external48 pydantic-05 sufficient {'dispatcher_calls': 9, 'pre_cap_candidates': 90, 'post_cap_candidates': 34, 'retrieved': 28, 'query_window': 10, 'qualified_variants': 6} 
external48 pydantic-06 sufficient {'dispatcher_calls': 7, 'pre_cap_candidates': 55, 'post_cap_candidates': 17, 'retrieved': 17, 'query_window': 5, 'qualified_variants': 2} 
external48 ruff-01 sufficient {'dispatcher_calls': 6, 'pre_cap_candidates': 88, 'post_cap_candidates': 22, 'retrieved': 22, 'query_window': 9, 'qualified_variants': 28} 
external48 ruff-02 sufficient {'dispatcher_calls': 7, 'pre_cap_candidates': 102, 'post_cap_candidates': 25, 'retrieved': 25, 'query_window': 10, 'qualified_variants': 9} 
external48 ruff-03 sufficient {'dispatcher_calls': 6, 'pre_cap_candidates': 89, 'post_cap_candidates': 23, 'retrieved': 23, 'query_window': 9, 'qualified_variants': 3} 
external48 ruff-04 sufficient {'dispatcher_calls': 7, 'pre_cap_candidates': 93, 'post_cap_candidates': 22, 'retrieved': 20, 'query_window': 6, 'qualified_variants': 7} 
external48 ruff-05 sufficient {'dispatcher_calls': 7, 'pre_cap_candidates': 72, 'post_cap_candidates': 25, 'retrieved': 25, 'query_window': 10, 'qualified_variants': 20} 
external48 ruff-06 sufficient {'dispatcher_calls': 6, 'pre_cap_candidates': 84, 'post_cap_candidates': 21, 'retrieved': 21, 'query_window': 10, 'qualified_variants': 2} 
external48 starlette-01 sufficient {'dispatcher_calls': 7, 'pre_cap_candidates': 32, 'post_cap_candidates': 25, 'retrieved': 25, 'query_window': 6, 'qualified_variants': 3} 
external48 starlette-02 sufficient {'dispatcher_calls': 6, 'pre_cap_candidates': 33, 'post_cap_candidates': 16, 'retrieved': 16, 'query_window': 7, 'qualified_variants': 5} 
external48 starlette-03 sufficient {'dispatcher_calls': 6, 'pre_cap_candidates': 43, 'post_cap_candidates': 22, 'retrieved': 22, 'query_window': 8, 'qualified_variants': 3} 
external48 starlette-04 sufficient {'dispatcher_calls': 6, 'pre_cap_candidates': 25, 'post_cap_candidates': 18, 'retrieved': 18, 'query_window': 5, 'qualified_variants': 8} 
external48 starlette-05 sufficient {'dispatcher_calls': 11, 'pre_cap_candidates': 37, 'post_cap_candidates': 24, 'retrieved': 23, 'query_window': 6, 'qualified_variants': 5} 
external48 starlette-06 sufficient {'dispatcher_calls': 7, 'pre_cap_candidates': 24, 'post_cap_candidates': 20, 'retrieved': 20, 'query_window': 6, 'qualified_variants': 8} 
external48 typer-01 sufficient {'dispatcher_calls': 8, 'pre_cap_candidates': 76, 'post_cap_candidates': 31, 'retrieved': 31, 'query_window': 13, 'qualified_variants': 28} 
external48 typer-02 sufficient {'dispatcher_calls': 8, 'pre_cap_candidates': 72, 'post_cap_candidates': 29, 'retrieved': 29, 'query_window': 12, 'qualified_variants': 19} 
external48 typer-03 sufficient {'dispatcher_calls': 6, 'pre_cap_candidates': 60, 'post_cap_candidates': 21, 'retrieved': 21, 'query_window': 9, 'qualified_variants': 14} 
external48 typer-04 sufficient {'dispatcher_calls': 8, 'pre_cap_candidates': 51, 'post_cap_candidates': 24, 'retrieved': 24, 'query_window': 6, 'qualified_variants': 13} 
external48 typer-05 insufficient {'dispatcher_calls': 6, 'pre_cap_candidates': 38, 'post_cap_candidates': 12, 'retrieved': 12, 'query_window': 4, 'qualified_variants': 0} 
external48 typer-06 sufficient {'dispatcher_calls': 8, 'pre_cap_candidates': 55, 'post_cap_candidates': 27, 'retrieved': 27, 'query_window': 7, 'qualified_variants': 12} 
external48 uv-01 sufficient {'dispatcher_calls': 8, 'pre_cap_candidates': 124, 'post_cap_candidates': 19, 'retrieved': 19, 'query_window': 8, 'qualified_variants': 4} 
external48 uv-02 sufficient {'dispatcher_calls': 8, 'pre_cap_candidates': 114, 'post_cap_candidates': 19, 'retrieved': 19, 'query_window': 5, 'qualified_variants': 24} 
external48 uv-03 sufficient {'dispatcher_calls': 8, 'pre_cap_candidates': 101, 'post_cap_candidates': 24, 'retrieved': 24, 'query_window': 13, 'qualified_variants': 9} 
external48 uv-04 sufficient {'dispatcher_calls': 6, 'pre_cap_candidates': 108, 'post_cap_candidates': 16, 'retrieved': 16, 'query_window': 8, 'qualified_variants': 8} 
external48 uv-05 sufficient {'dispatcher_calls': 9, 'pre_cap_candidates': 115, 'post_cap_candidates': 20, 'retrieved': 20, 'query_window': 4, 'qualified_variants': 1} 
external48 uv-06 needs_review {'dispatcher_calls': 6, 'pre_cap_candidates': 110, 'post_cap_candidates': 17, 'retrieved': 17, 'query_window': 8, 'qualified_variants': 5} 
project28 projectA-Q01 None {'dispatcher_calls': 8, 'pre_cap_candidates': 27, 'post_cap_candidates': 14, 'retrieved': 14, 'query_window': 11, 'qualified_variants': 3} 
project28 projectA-Q04 None {'dispatcher_calls': 8, 'pre_cap_candidates': 118, 'post_cap_candidates': 63, 'retrieved': 63, 'query_window': 20, 'qualified_variants': 6} 
project28 projectA-Q07 None {'dispatcher_calls': 6, 'pre_cap_candidates': 118, 'post_cap_candidates': 49, 'retrieved': 49, 'query_window': 20, 'qualified_variants': 0} 
project28 projectA-Q10 None {'dispatcher_calls': 6, 'pre_cap_candidates': 91, 'post_cap_candidates': 50, 'retrieved': 50, 'query_window': 20, 'qualified_variants': 2} 
project28 projectA-Q14 None {'dispatcher_calls': 8, 'pre_cap_candidates': 87, 'post_cap_candidates': 59, 'retrieved': 59, 'query_window': 20, 'qualified_variants': 70} 
project28 projectA-Q18 None {'dispatcher_calls': 6, 'pre_cap_candidates': 96, 'post_cap_candidates': 50, 'retrieved': 50, 'query_window': 20, 'qualified_variants': 15} 
project28 projectA-Q20 None {'dispatcher_calls': 8, 'pre_cap_candidates': 85, 'post_cap_candidates': 60, 'retrieved': 60, 'query_window': 20, 'qualified_variants': 25} 
project28 projectA-Q24 None {'dispatcher_calls': 7, 'pre_cap_candidates': 73, 'post_cap_candidates': 55, 'retrieved': 55, 'query_window': 20, 'qualified_variants': 0} 
project28 projectA-Q29 None {'dispatcher_calls': 7, 'pre_cap_candidates': 146, 'post_cap_candidates': 54, 'retrieved': 54, 'query_window': 20, 'qualified_variants': 16} 
project28 projectA-Q31 None {'dispatcher_calls': 7, 'pre_cap_candidates': 81, 'post_cap_candidates': 16, 'retrieved': 16, 'query_window': 12, 'qualified_variants': 4} 
project28 projectA-Q34 None {'dispatcher_calls': 7, 'pre_cap_candidates': 110, 'post_cap_candidates': 59, 'retrieved': 59, 'query_window': 20, 'qualified_variants': 16} 
project28 projectA-Q36 None {'dispatcher_calls': 6, 'pre_cap_candidates': 103, 'post_cap_candidates': 56, 'retrieved': 56, 'query_window': 20, 'qualified_variants': 3} 
project28 projectA-Q38 None {'dispatcher_calls': 6, 'pre_cap_candidates': 101, 'post_cap_candidates': 53, 'retrieved': 53, 'query_window': 20, 'qualified_variants': 2} 
project28 projectA-Q40 None {'dispatcher_calls': 9, 'pre_cap_candidates': 111, 'post_cap_candidates': 65, 'retrieved': 61, 'query_window': 20, 'qualified_variants': 0} 
project28 projectB-Q01 None {'dispatcher_calls': 7, 'pre_cap_candidates': 100, 'post_cap_candidates': 54, 'retrieved': 54, 'query_window': 20, 'qualified_variants': 18} 
project28 projectB-Q04 None {'dispatcher_calls': 6, 'pre_cap_candidates': 120, 'post_cap_candidates': 56, 'retrieved': 56, 'query_window': 20, 'qualified_variants': 14} 
project28 projectB-Q07 None {'dispatcher_calls': 8, 'pre_cap_candidates': 20, 'post_cap_candidates': 11, 'retrieved': 11, 'query_window': 8, 'qualified_variants': 5} 
project28 projectB-Q10 None {'dispatcher_calls': 7, 'pre_cap_candidates': 100, 'post_cap_candidates': 60, 'retrieved': 60, 'query_window': 20, 'qualified_variants': 50} 
project28 projectB-Q14 None {'dispatcher_calls': 7, 'pre_cap_candidates': 88, 'post_cap_candidates': 59, 'retrieved': 59, 'query_window': 20, 'qualified_variants': 2} 
project28 projectB-Q18 None {'dispatcher_calls': 6, 'pre_cap_candidates': 100, 'post_cap_candidates': 50, 'retrieved': 50, 'query_window': 20, 'qualified_variants': 2} 
project28 projectB-Q20 None {'dispatcher_calls': 6, 'pre_cap_candidates': 90, 'post_cap_candidates': 53, 'retrieved': 53, 'query_window': 20, 'qualified_variants': 22} 
project28 projectB-Q24 None {'dispatcher_calls': 6, 'pre_cap_candidates': 96, 'post_cap_candidates': 56, 'retrieved': 56, 'query_window': 20, 'qualified_variants': 6} 
project28 projectB-Q29 None {'dispatcher_calls': 7, 'pre_cap_candidates': 17, 'post_cap_candidates': 13, 'retrieved': 13, 'query_window': 9, 'qualified_variants': 0} 
project28 projectB-Q31 None {'dispatcher_calls': 8, 'pre_cap_candidates': 64, 'post_cap_candidates': 42, 'retrieved': 42, 'query_window': 20, 'qualified_variants': 8} 
project28 projectB-Q34 None {'dispatcher_calls': 8, 'pre_cap_candidates': 112, 'post_cap_candidates': 50, 'retrieved': 50, 'query_window': 20, 'qualified_variants': 8} 
project28 projectB-Q36 None {'dispatcher_calls': 10, 'pre_cap_candidates': 121, 'post_cap_candidates': 70, 'retrieved': 70, 'query_window': 20, 'qualified_variants': 20} 
project28 projectB-Q38 None {'dispatcher_calls': 6, 'pre_cap_candidates': 87, 'post_cap_candidates': 54, 'retrieved': 54, 'query_window': 20, 'qualified_variants': 2} 
project28 projectB-Q40 None {'dispatcher_calls': 8, 'pre_cap_candidates': 102, 'post_cap_candidates': 57, 'retrieved': 53, 'query_window': 20, 'qualified_variants': 0} 
TRACE COMPLETE 76
